$ docz wiki init
exit 0

=== stdout
Created $ROOT/mkdocs.yml
Created $ROOT/docs/index.md
Updated nav in $ROOT/mkdocs.yml (5 pages)

=== stderr
(empty)

=== files
.docz.yaml (1782 bytes, 5f476a5dfcfa)
docs/adr/0001-drop-the-plan-doc-type.md (1133 bytes, fa34d09a4d3e)
docs/adr/README.md (1146 bytes, ee1e083b756e)
docs/index.md (114 bytes, 7e75d523c95b)
docs/rfc/0001-consolidate-the-release-pipeline.md (1334 bytes, 75747f949fd3)
docs/rfc/README.md (1275 bytes, 9da4edaedca2)
mkdocs.yml (382 bytes, 79686e6a4afc)

=== written docs/index.md
# 001

Welcome to the documentation for 001.

## Document Types

- [RFCs](rfc/README.md)
- [ADRs](adr/README.md)


=== written mkdocs.yml
nav:
    - Home: index.md
    - ADRs:
        - Overview: adr/README.md
        - 'ADR-0001: Drop the plan doc type': adr/0001-drop-the-plan-doc-type.md
    - RFCs:
        - Overview: rfc/README.md
        - 'RFC-0001: Consolidate the release pipeline': rfc/0001-consolidate-the-release-pipeline.md
plugins:
    - techdocs-core
site_description: Documentation for 001
site_name: 1
