$ docz list --format json
exit 0

=== stdout
[
  {
    "id": "IMPL-0001",
    "title": "Phase out the legacy scanner",
    "status": "In Progress",
    "date": "2026-03-04",
    "author": "Parity Fixture",
    "type": "IMPL",
    "file": "0001-phase-out-the-legacy-scanner.md"
  },
  {
    "id": "IMPL-0002",
    "title": "Registry store migration",
    "status": "In Progress",
    "date": "2026-03-04",
    "author": "Parity Fixture",
    "type": "IMPL",
    "file": "0002-registry-store-migration.md"
  }
]

=== stderr
(empty)

=== files
.docz.yaml (748 bytes, 1eb4fc792707)
docs/impl/0001-phase-out-the-legacy-scanner.md (2980 bytes, e1a031a40f88)
docs/impl/0002-registry-store-migration.md (5839 bytes, 71a284ece127)
docs/impl/README.md (1389 bytes, 69869db9f54c)
