$ docz status set impl IMPL-9999 Completed
exit 1

=== stdout
(empty)

=== stderr
Error: no impl document with id "IMPL-9999" found in docs/impl

=== files
.docz.yaml (748 bytes, 1eb4fc792707)
docs/impl/0001-phase-out-the-legacy-scanner.md (3850 bytes, a7c60a54a035)
docs/impl/0002-registry-store-migration.md (6709 bytes, daf5e9ef4fb6)
docs/impl/README.md (1389 bytes, 69869db9f54c)
