$ docz status set impl IMPL-0001 Completed --format json
exit 0

=== stdout
{"path":"docs/impl/0001-phase-out-the-legacy-scanner.md","from":"In Progress","to":"Completed","dry_run":false,"changed":true}

=== stderr
(empty)

=== files
.docz.yaml (748 bytes, 1eb4fc792707)
docs/impl/0001-phase-out-the-legacy-scanner.md (3848 bytes, 00debbf56fbc)
docs/impl/0002-registry-store-migration.md (6709 bytes, daf5e9ef4fb6)
docs/impl/README.md (1389 bytes, 69869db9f54c)

=== written docs/impl/0001-phase-out-the-legacy-scanner.md
---
id: IMPL-0001
title: "Phase out the legacy scanner"
status: Completed
author: Parity Fixture
created: 2026-03-04
---

<!-- markdownlint-disable-file MD025 MD041 -->

# IMPL-0001: Phase out the legacy scanner

<!--toc:start-->
- [Objective](#objective)
- [Scope](#scope)
  - [In Scope](#in-scope)
  - [Out of Scope](#out-of-scope)
- [Implementation Phases](#implementation-phases)
  - [Phase 1: <!-- Foundation / Setup / Core -->](#phase-1----foundation--setup--core)
    - [Tasks](#tasks)
    - [Success Criteria](#success-criteria)
  - [Phase 2: <!-- Core Feature / Primary Commands -->](#phase-2----core-feature--primary-commands)
    - [Tasks](#tasks-1)
    - [Success Criteria](#success-criteria-1)
  - [Phase 3: <!-- Polish / Edge Cases / CI Readiness -->](#phase-3----polish--edge-cases--ci-readiness)
    - [Tasks](#tasks-2)
    - [Success Criteria](#success-criteria-2)
- [File Changes](#file-changes)
- [Testing Plan](#testing-plan)
- [Dependencies](#dependencies)
- [References](#references)
<!--toc:end-->

## Objective

<!-- What is being implemented? Link to the RFC/DESIGN/PLAN it implements. -->

**Implements:** <!-- RFC-XXXX / DESIGN-XXXX / PLAN-XXXX -->

## Scope

### In Scope

-

### Out of Scope

-

## Implementation Phases

Each phase builds on the previous one. A phase is complete when all its tasks
are checked off and its success criteria are met.

---

### Phase 1: <!-- Foundation / Setup / Core -->

<!-- Describe what this phase establishes. Focus on the internal
     building blocks that later phases depend on. -->

#### Tasks

- [ ] Task description
- [ ] Task description
- [ ] Write unit tests for ...

#### Success Criteria

- `go build ./...` succeeds with no errors
- ...

---

### Phase 2: <!-- Core Feature / Primary Commands -->

<!-- Describe what this phase delivers to users. -->

#### Tasks

- [ ] Task description
- [ ] Task description
- [ ] Write integration tests for ...

#### Success Criteria

- Feature X works end-to-end
- ...

---

### Phase 3: <!-- Polish / Edge Cases / CI Readiness -->

<!-- Harden, test, and prepare for release. -->

#### Tasks

- [ ] Audit error messages for consistency
- [ ] Ensure `make ci` passes
- [ ] Review test coverage (target: >80%)
- [ ] Clean up any TODO/FIXME comments

#### Success Criteria

- `make ci` passes with zero errors
- Test coverage >80% for all packages
- All error paths produce clear, actionable messages

---

## File Changes

<!-- Key files that will be created or modified -->

| File | Action | Description |
| ---- | ------ | ----------- |
|      | Create |             |
|      | Modify |             |

## Testing Plan

- [ ] Unit tests for all exported functions
- [ ] Integration tests using `t.TempDir()` for filesystem operations
- [ ] Table-driven tests for functions with multiple input variations

## Dependencies

<!-- External dependencies, blocking work, prerequisites -->

## References

<!-- Links to related RFCs, ADRs, designs, plans, issues -->
