$ docz wiki update
exit 0

=== stdout
Updated nav in $ROOT/mkdocs.yml (4 pages)

=== stderr
(empty)

=== files
.docz.yaml (748 bytes, 1eb4fc792707)
docs/impl/0001-phase-out-the-legacy-scanner.md (3850 bytes, a7c60a54a035)
docs/impl/0002-registry-store-migration.md (6709 bytes, daf5e9ef4fb6)
docs/impl/README.md (1389 bytes, 69869db9f54c)
docs/index.md (107 bytes, 397797c193dd)
mkdocs.yml (353 bytes, fc89c4e8b1f7)
