$ docz list --format json
exit 0

=== stdout
[
  {
    "id": "ADR-0001",
    "title": "Use PostgreSQL for the registry store",
    "status": "Accepted",
    "date": "2026-03-04",
    "author": "Parity Fixture",
    "type": "ADR",
    "file": "0001-use-postgresql-for-the-registry-store.md"
  },
  {
    "id": "ADR-0002",
    "title": "Vendor the markdown walker",
    "status": "Accepted",
    "date": "2026-03-04",
    "author": "Parity Fixture",
    "type": "ADR",
    "file": "0002-vendor-the-markdown-walker.md"
  }
]

=== stderr
(empty)

=== files
.docz.yaml (698 bytes, 7f99dbecefa5)
docs/adr/0001-use-postgresql-for-the-registry-store.md (1163 bytes, 82c3f0197649)
docs/adr/0002-vendor-the-markdown-walker.md (6586 bytes, 1d7a545b1e1b)
docs/adr/README.md (1349 bytes, e3d3787df33c)
