$ docz status set adr ADR-0001 Superseded --dry-run
exit 0

=== stdout
[dry-run] docs/adr/0001-use-postgresql-for-the-registry-store.md: status Accepted -> Superseded

=== stderr
(empty)

=== files
.docz.yaml (698 bytes, 7f99dbecefa5)
docs/adr/0001-use-postgresql-for-the-registry-store.md (1645 bytes, fc2adfcd894c)
docs/adr/0002-vendor-the-markdown-walker.md (7068 bytes, dd4744e01820)
docs/adr/README.md (1349 bytes, e3d3787df33c)
