$ docz init
exit 0

=== stdout
Initialized docz successfully.

=== stderr
(empty)

=== files
.docz.yaml (776 bytes, 51d3c85c73e5)
docs/investigation/0001-evaluate-message-queue-options.md (2772 bytes, e0595763ce45)
docs/investigation/0002-why-the-nightly-rebuild-flakes.md (5207 bytes, 0c1a5c34ba68)
docs/investigation/README.md (1316 bytes, 45c47b091931)
