$ docz list --status Concluded
exit 0

=== stdout
ID        TITLE                           STATUS     DATE        AUTHOR          TYPE
--        -----                           ------     ----        ------          ----
INV-0001  Evaluate message queue options  Concluded  2026-03-04  Parity Fixture  INVESTIGATION
INV-0002  Why the nightly rebuild flakes  Concluded  2026-03-04  Parity Fixture  INVESTIGATION

=== stderr
(empty)

=== files
.docz.yaml (776 bytes, 51d3c85c73e5)
docs/investigation/0001-evaluate-message-queue-options.md (2276 bytes, 695e63cb6610)
docs/investigation/0002-why-the-nightly-rebuild-flakes.md (4711 bytes, deec902e0c70)
docs/investigation/README.md (1316 bytes, a59b0f69ce47)
