$ docz update
exit 0

=== stdout
Updated $ROOT/docs/investigation/README.md

=== stderr
(empty)

=== files
.docz.yaml (776 bytes, 51d3c85c73e5)
docs/investigation/0001-evaluate-message-queue-options.md (2276 bytes, 695e63cb6610)
docs/investigation/0002-why-the-nightly-rebuild-flakes.md (4711 bytes, deec902e0c70)
docs/investigation/README.md (1316 bytes, a59b0f69ce47)
