$ docz wiki init
exit 0

=== stdout
Created $ROOT/mkdocs.yml
Created $ROOT/docs/index.md
Updated nav in $ROOT/mkdocs.yml (4 pages)

=== stderr
(empty)

=== files
.docz.yaml (776 bytes, 51d3c85c73e5)
docs/index.md (110 bytes, 631bc7256b6c)
docs/investigation/0001-evaluate-message-queue-options.md (2276 bytes, 695e63cb6610)
docs/investigation/0002-why-the-nightly-rebuild-flakes.md (4711 bytes, deec902e0c70)
docs/investigation/README.md (1311 bytes, 3e18035af105)
mkdocs.yml (388 bytes, b11185732aa2)

=== written docs/index.md
# 001

Welcome to the documentation for 001.

## Document Types

- [Investigations](investigation/README.md)


=== written mkdocs.yml
nav:
    - Home: index.md
    - Investigations:
        - Overview: investigation/README.md
        - 'INV-0001: Evaluate message queue options': investigation/0001-evaluate-message-queue-options.md
        - 'INV-0002: Why the nightly rebuild flakes': investigation/0002-why-the-nightly-rebuild-flakes.md
plugins:
    - techdocs-core
site_description: Documentation for 001
site_name: 1
