$ docz create design Parity flagged document --author Pinned Author --status Implemented --no-update
exit 0

=== stdout
Created DESIGN: $ROOT/docs/design/0003-parity-flagged-document.md

=== stderr
(empty)

=== files
.docz.yaml (732 bytes, 0a7d82da49d4)
docs/design/0001-token-refresh-flow.md (1469 bytes, 17057cd497e5)
docs/design/0002-wiki-nav-generation.md (6710 bytes, b55bd53bb0c9)
docs/design/0003-parity-flagged-document.md (1052 bytes, d588190d37a7)
docs/design/README.md (1287 bytes, 0f8b694d2c3a)

=== written docs/design/0003-parity-flagged-document.md
---
id: DESIGN-0003
title: "Parity flagged document"
status: Implemented
author: Pinned Author
created: $DATE
---

<!-- markdownlint-disable-file MD025 MD041 -->

# DESIGN-0003: Parity flagged document

<!--toc:start-->
<!--toc:end-->

## Overview

<!-- What is being designed and why? 2-3 sentences. -->

## Goals and Non-Goals

### Goals

-

### Non-Goals

-

## Background

<!-- Context, prior art, and any prerequisites -->

## Detailed Design

<!-- The core of the document. Architecture diagrams, API contracts,
     data models, component interactions, etc. -->

## API / Interface Changes

<!-- Public API surface changes, CLI changes, config changes -->

## Data Model

<!-- Schema changes, storage considerations -->

## Testing Strategy

<!-- How will this be tested? Unit, integration, e2e? -->

## Migration / Rollout Plan

<!-- How do we get from here to there safely? -->

## Open Questions

<!-- Unresolved decisions or areas needing further investigation -->

## References

<!-- Links to related RFCs, ADRs, issues, external docs -->
