$ docz list
exit 0

=== stdout
ID           TITLE                STATUS    DATE        AUTHOR          TYPE
--           -----                ------    ----        ------          ----
DESIGN-0001  Token refresh flow   Approved  2026-03-04  Parity Fixture  DESIGN
DESIGN-0002  Wiki nav generation  Approved  2026-03-04  Parity Fixture  DESIGN

=== stderr
(empty)

=== files
.docz.yaml (732 bytes, 0a7d82da49d4)
docs/design/0001-token-refresh-flow.md (2077 bytes, 5bd162da5acc)
docs/design/0002-wiki-nav-generation.md (7318 bytes, 9d41181ede78)
docs/design/README.md (1287 bytes, 0f8b694d2c3a)
