$ docz update design
exit 0

=== stdout
Updated $ROOT/docs/design/README.md

=== stderr
(empty)

=== files
.docz.yaml (732 bytes, 0a7d82da49d4)
docs/design/0001-token-refresh-flow.md (1469 bytes, 17057cd497e5)
docs/design/0002-wiki-nav-generation.md (6710 bytes, b55bd53bb0c9)
docs/design/README.md (1287 bytes, 0f8b694d2c3a)
