$ docz update design
exit 0

=== stdout
Updated $ROOT/docs/design/README.md

=== stderr
(empty)

=== files
.docz.yaml (732 bytes, 0a7d82da49d4)
docs/design/0001-token-refresh-flow.md (2077 bytes, 5bd162da5acc)
docs/design/0002-wiki-nav-generation.md (7318 bytes, 9d41181ede78)
docs/design/README.md (1287 bytes, 0f8b694d2c3a)
