$ docz wiki init
exit 0

=== stdout
Created $ROOT/mkdocs.yml
Created $ROOT/docs/index.md
Updated nav in $ROOT/mkdocs.yml (4 pages)

=== stderr
(empty)

=== files
.docz.yaml (732 bytes, 0a7d82da49d4)
docs/design/0001-token-refresh-flow.md (1469 bytes, 17057cd497e5)
docs/design/0002-wiki-nav-generation.md (6710 bytes, b55bd53bb0c9)
docs/design/README.md (1287 bytes, 0f8b694d2c3a)
docs/index.md (95 bytes, b8a1cea4761c)
mkdocs.yml (319 bytes, b633ee5f8809)

=== written docs/index.md
# 001

Welcome to the documentation for 001.

## Document Types

- [Design](design/README.md)


=== written mkdocs.yml
nav:
    - Home: index.md
    - Design:
        - Overview: design/README.md
        - 'DESIGN-0001: Token refresh flow': design/0001-token-refresh-flow.md
        - 'DESIGN-0002: Wiki nav generation': design/0002-wiki-nav-generation.md
plugins:
    - techdocs-core
site_description: Documentation for 001
site_name: 1
