$ docz list rfc
exit 0

=== stdout
ID        TITLE                                          STATUS    DATE        AUTHOR          TYPE
--        -----                                          ------    ----        ------          ----
RFC-0001  Switch the ingest queue to NATS                Draft     2026-03-04  Parity Fixture  RFC
RFC-0002  Adopt semantic versioning for the docs corpus  Proposed  2026-03-04  Parity Fixture  RFC

=== stderr
(empty)

=== files
.docz.yaml (710 bytes, d449b58824ae)
docs/rfc/0001-switch-the-ingest-queue-to-nats.md (1329 bytes, e3575236c3d0)
docs/rfc/0002-adopt-semantic-versioning-for-the-docs-corpus.md (4794 bytes, e21f3f01a5bf)
docs/rfc/README.md (1484 bytes, ce1d596cf81a)
