$ docz status set rfc RFC-0001 Accepted
exit 0

=== stdout
docs/rfc/0001-switch-the-ingest-queue-to-nats.md: status Draft -> Accepted

=== stderr
(empty)

=== files
.docz.yaml (710 bytes, d449b58824ae)
docs/rfc/0001-switch-the-ingest-queue-to-nats.md (1698 bytes, 18941df610c2)
docs/rfc/0002-adopt-semantic-versioning-for-the-docs-corpus.md (5160 bytes, 825d376386a0)
docs/rfc/README.md (1484 bytes, ce1d596cf81a)

=== written docs/rfc/0001-switch-the-ingest-queue-to-nats.md
---
id: RFC-0001
title: "Switch the ingest queue to NATS"
status: Accepted
author: Parity Fixture
created: 2026-03-04
---

<!-- markdownlint-disable-file MD025 MD041 -->

# RFC-0001: Switch the ingest queue to NATS

<!--toc:start-->
- [Summary](#summary)
- [Problem Statement](#problem-statement)
  - [Supporting Data](#supporting-data)
- [Proposed Solution](#proposed-solution)
- [Alternatives Considered](#alternatives-considered)
- [Risks and Mitigations](#risks-and-mitigations)
- [Success Criteria](#success-criteria)
- [References](#references)
<!--toc:end-->

## Summary

<!-- Brief 2-3 sentence summary of the proposal -->

## Problem Statement

<!-- What problem does this RFC address? Include supporting data, evidence and impact. -->

### Supporting Data

<!-- Data gathered that support the proposed solution. -->

## Proposed Solution

<!-- High-level description of the proposed approach -->

## Alternatives Considered

<!-- What other approaches were evaluated and why were they rejected? -->

## Risks and Mitigations

| Risk | Impact | Likelihood | Mitigation |
| ---- | ------ | ---------- | ---------- |
|      |        |            |            |

## Success Criteria

<!-- How will we measure whether this RFC achieved its goals? -->

## References

<!-- Links to related ADRs, RFCs, issues, external docs -->
