$ docz wiki update --dry-run
exit 0

=== stdout
- Home: index.md
- RFCs:
    - Overview: rfc/README.md
    - RFC-0001: Switch the ingest queue to NATS: rfc/0001-switch-the-ingest-queue-to-nats.md
    - RFC-0002: Adopt semantic versioning for the docs corpus: rfc/0002-adopt-semantic-versioning-for-the-docs-corpus.md

=== stderr
(empty)

=== files
.docz.yaml (710 bytes, d449b58824ae)
docs/index.md (90 bytes, f1bdf8c85d57)
docs/rfc/0001-switch-the-ingest-queue-to-nats.md (1329 bytes, e3575236c3d0)
docs/rfc/0002-adopt-semantic-versioning-for-the-docs-corpus.md (4794 bytes, e21f3f01a5bf)
docs/rfc/README.md (1484 bytes, ce1d596cf81a)
mkdocs.yml (380 bytes, 67e650d5926a)
