$ docz create frameworks Parity flagged document --author Pinned Author --status Deprecated --no-update
exit 0

=== stdout
Created FRAMEWORKS: $ROOT/docs/frameworks/0003-parity-flagged-document.md

=== stderr
Warning: config declares non-built-in type "frameworks" (typo?)

=== files
.docz.yaml (1148 bytes, aae68059d6d3)
docs/adr/0001-keep-frameworks-in-a-register.md (1147 bytes, 18f4df12d792)
docs/adr/README.md (1167 bytes, 80b1981d1cfe)
docs/frameworks/0001-adopt-the-internal-auth-framework.md (647 bytes, 7d1eb6c56cf9)
docs/frameworks/0002-retire-the-legacy-job-runner.md (2205 bytes, 3d21a457244f)
docs/frameworks/0003-parity-flagged-document.md (533 bytes, bc6fa18f7fee)
docs/frameworks/README.md (650 bytes, 9327fc0355b1)
docs/templates/frameworks.md (560 bytes, 86e849838d8d)

=== written docs/frameworks/0003-parity-flagged-document.md
---
id: FW-0003
title: "Parity flagged document"
status: Deprecated
author: Pinned Author
created: $DATE
---

<!-- markdownlint-disable-file MD025 MD041 -->

# FW-0003: Parity flagged document

<!--toc:start-->
<!--toc:end-->

## Summary

<!-- What the framework is and which problem it covers -->

## Owner

<!-- Team or person accountable for the framework -->

## Adoption

<!-- Which services use it today, and what adopting it costs -->

## References

<!-- Links to the upstream project, internal guides, related decisions -->
