$ docz create adr Parity second type
exit 0

=== stdout
Created ADR: $ROOT/docs/adr/0002-parity-second-type.md
Updated $ROOT/docs/adr/README.md

=== stderr
Warning: config declares non-built-in type "frameworks" (typo?)

=== files
.docz.yaml (1148 bytes, aae68059d6d3)
docs/adr/0001-keep-frameworks-in-a-register.md (1147 bytes, 18f4df12d792)
docs/adr/0002-parity-second-type.md (1120 bytes, 1db66d749829)
docs/adr/README.md (1296 bytes, 21d0ee8d5631)
docs/frameworks/0001-adopt-the-internal-auth-framework.md (647 bytes, 7d1eb6c56cf9)
docs/frameworks/0002-retire-the-legacy-job-runner.md (2205 bytes, 3d21a457244f)
docs/frameworks/README.md (650 bytes, 9327fc0355b1)
docs/templates/frameworks.md (560 bytes, 86e849838d8d)

=== written docs/adr/0002-parity-second-type.md
---
id: ADR-0002
title: "Parity second type"
status: Proposed
author: Parity Fixture
created: $DATE
---

<!-- markdownlint-disable-file MD025 MD041 -->

# ADR-0002: Parity second type

<!--toc:start-->
- [Summary](#summary)
- [Context](#context)
- [Decision](#decision)
  - [Supporting Data](#supporting-data)
- [Consequences](#consequences)
  - [Positive](#positive)
  - [Negative](#negative)
  - [Neutral](#neutral)
- [Alternatives Considered](#alternatives-considered)
- [References](#references)
<!--toc:end-->

## Summary

<!-- Brief 2-3 sentence summary of the proposal -->

## Context

<!-- What is the issue that we're seeing that motivates this decision? -->

## Decision

<!-- What is the change that we're proposing and/or doing? -->

### Supporting Data

<!-- Data gathered that support the proposed solution. -->

## Consequences

<!-- What becomes easier or more difficult to do because of this change? -->

### Positive

-

### Negative

-

### Neutral

-

## Alternatives Considered

<!-- What other options were evaluated? -->

## References

<!-- Links to related RFCs, ADRs, issues, external docs -->

=== written docs/adr/README.md
# Architecture Decision Records (ADRs)

This directory contains Architecture Decision Records documenting significant
technical decisions.

## What are ADRs?

ADRs document **technical implementation decisions** for specific architectural
components. Each ADR focuses on a single decision and includes:

- **Context**: The problem or constraint that led to this decision
- **Decision**: What was chosen and why
- **Consequences**: Trade-offs, pros, and cons
- **Alternatives**: Other options that were considered

## Creating a New ADR

```bash
docz create adr "Your ADR Title"
```

## ADR Status

- **Proposed**: Under discussion, not yet approved
- **Accepted**: Approved and being implemented or already implemented
- **Deprecated**: No longer relevant or superseded
- **Superseded by ADR-XXXX**: Replaced by another ADR

<!-- BEGIN DOCZ AUTO-GENERATED -->
## All ADRs

| ID | Title | Status | Date | Author | Link |
|----|-------|--------|------|--------|------|
| ADR-0001 | Keep frameworks in a register | Accepted | 2026-03-04 | Parity Fixture | [0001-keep-frameworks-in-a-register.md](0001-keep-frameworks-in-a-register.md) |
| ADR-0002 | Parity second type | Proposed | $DATE | Parity Fixture | [0002-parity-second-type.md](0002-parity-second-type.md) |
<!-- END DOCZ AUTO-GENERATED -->
