$ docz list frameworks
exit 0

=== stdout
ID       TITLE                              STATUS      DATE        AUTHOR          TYPE
--       -----                              ------      ----        ------          ----
FW-0001  Adopt the internal auth framework  Active      2026-03-04  Parity Fixture  FRAMEWORKS
FW-0002  Retire the legacy job runner       Deprecated  2026-03-04  Parity Fixture  FRAMEWORKS

=== stderr
Warning: config declares non-built-in type "frameworks" (typo?)

=== files
.docz.yaml (1148 bytes, aae68059d6d3)
docs/adr/0001-keep-frameworks-in-a-register.md (1147 bytes, 18f4df12d792)
docs/adr/README.md (1167 bytes, 80b1981d1cfe)
docs/frameworks/0001-adopt-the-internal-auth-framework.md (647 bytes, 7d1eb6c56cf9)
docs/frameworks/0002-retire-the-legacy-job-runner.md (2205 bytes, 3d21a457244f)
docs/frameworks/README.md (650 bytes, 9327fc0355b1)
docs/templates/frameworks.md (560 bytes, 86e849838d8d)
