$ docz template override frameworks
exit 1

=== stdout
(empty)

=== stderr
Warning: config declares non-built-in type "frameworks" (typo?)
Error: override file already exists: $ROOT/docs/templates/frameworks.md

=== files
.docz.yaml (1148 bytes, aae68059d6d3)
docs/adr/0001-keep-frameworks-in-a-register.md (1629 bytes, 920fd815549e)
docs/adr/README.md (1167 bytes, 80b1981d1cfe)
docs/frameworks/0001-adopt-the-internal-auth-framework.md (703 bytes, 6bb35f2f3862)
docs/frameworks/0002-retire-the-legacy-job-runner.md (2261 bytes, a9e206f0e4d7)
docs/frameworks/README.md (650 bytes, 9327fc0355b1)
docs/templates/frameworks.md (616 bytes, 3285c201e10e)
