$ docz wiki update
exit 0

=== stdout
Updated nav in $ROOT/mkdocs.yml (6 pages)

=== stderr
Warning: config declares non-built-in type "frameworks" (typo?)

=== files
.docz.yaml (1148 bytes, aae68059d6d3)
docs/adr/0001-keep-frameworks-in-a-register.md (1147 bytes, 18f4df12d792)
docs/adr/README.md (1167 bytes, 80b1981d1cfe)
docs/frameworks/0001-adopt-the-internal-auth-framework.md (647 bytes, 7d1eb6c56cf9)
docs/frameworks/0002-retire-the-legacy-job-runner.md (2205 bytes, 3d21a457244f)
docs/frameworks/README.md (650 bytes, 9327fc0355b1)
docs/index.md (127 bytes, da34181d3397)
docs/templates/frameworks.md (560 bytes, 86e849838d8d)
mkdocs.yml (516 bytes, ca24569cb89f)
